[train: 1, 50 / 100] FPS: 6.7 (7.2)  ,  Loss/total: 8.29401  ,  IoU: 0.04130
[train: 1, 100 / 100] FPS: 7.1 (7.6)  ,  Loss/total: 8.29214  ,  IoU: 0.04895
[train: 2, 50 / 100] FPS: 6.9 (7.2)  ,  Loss/total: 8.29226  ,  IoU: 0.03927
[train: 2, 100 / 100] FPS: 8.4 (7.3)  ,  Loss/total: 8.27408  ,  IoU: 0.03807
[train: 3, 50 / 100] FPS: 6.9 (7.6)  ,  Loss/total: 8.24197  ,  IoU: 0.02172
[train: 3, 100 / 100] FPS: 7.2 (7.8)  ,  Loss/total: 8.25654  ,  IoU: 0.01367
[train: 3, 50 / 100] FPS: 6.7 (7.7)  ,  Loss/total: 8.25872  ,  IoU: 0.08453
[train: 3, 100 / 100] FPS: 7.1 (7.7)  ,  Loss/total: 8.26521  ,  IoU: 0.06552
[train: 4, 50 / 100] FPS: 9.5 (7.6)  ,  Loss/total: 8.22074  ,  IoU: 0.04642
[train: 4, 100 / 100] FPS: 8.2 (7.7)  ,  Loss/total: 8.22152  ,  IoU: 0.02722
[train: 4, 50 / 100] FPS: 6.9 (7.6)  ,  Loss/total: 8.27765  ,  IoU: 0.05931
[train: 4, 100 / 100] FPS: 8.4 (7.6)  ,  Loss/total: 8.25836  ,  IoU: 0.04422
[train: 1, 50 / 100] FPS: 7.0 (7.5)  ,  Loss/total: 8.30689  ,  IoU: 0.06870
[train: 1, 100 / 100] FPS: 7.3 (7.6)  ,  Loss/total: 8.30145  ,  IoU: 0.05749
[train: 1, 50 / 100] FPS: 7.0 (7.6)  ,  Loss/total: 8.29797  ,  IoU: 0.05799
[train: 1, 100 / 100] FPS: 8.5 (7.6)  ,  Loss/total: 8.30690  ,  IoU: 0.04434
[train: 2, 50 / 100] FPS: 6.8 (7.8)  ,  Loss/total: 8.30430  ,  IoU: 0.06168
[train: 2, 100 / 100] FPS: 7.1 (7.5)  ,  Loss/total: 8.27972  ,  IoU: 0.05505
[train: 1, 50 / 100] FPS: 6.9 (7.5)  ,  Loss/total: 8.30568  ,  IoU: 0.02800
[train: 1, 100 / 100] FPS: 7.2 (7.4)  ,  Loss/total: 8.30122  ,  IoU: 0.03630
[train: 2, 50 / 100] FPS: 6.9 (7.8)  ,  Loss/total: 8.29585  ,  IoU: 0.07584
[train: 2, 100 / 100] FPS: 8.5 (7.8)  ,  Loss/total: 8.28696  ,  IoU: 0.05737
[train: 3, 50 / 100] FPS: 7.0 (7.7)  ,  Loss/total: 8.28947  ,  IoU: 0.04824
[train: 3, 100 / 100] FPS: 7.3 (7.7)  ,  Loss/total: 8.27056  ,  IoU: 0.04066
[train: 4, 50 / 100] FPS: 6.1 (6.9)  ,  Loss/total: 8.24424  ,  IoU: 0.06659
[train: 4, 100 / 100] FPS: 6.6 (7.5)  ,  Loss/total: 8.24429  ,  IoU: 0.06339
[train: 5, 50 / 100] FPS: 5.3 (6.9)  ,  Loss/total: 8.26080  ,  IoU: 0.03579
[train: 5, 100 / 100] FPS: 6.9 (7.5)  ,  Loss/total: 8.24064  ,  IoU: 0.03315
[train: 6, 50 / 100] FPS: 6.9 (7.1)  ,  Loss/total: 8.15181  ,  IoU: 0.05723
[train: 6, 100 / 100] FPS: 7.2 (7.5)  ,  Loss/total: 8.18529  ,  IoU: 0.05470
[train: 7, 50 / 100] FPS: 9.5 (7.6)  ,  Loss/total: 8.18860  ,  IoU: 0.02214
[train: 7, 100 / 100] FPS: 8.4 (7.5)  ,  Loss/total: 8.20139  ,  IoU: 0.02520
[train: 8, 50 / 100] FPS: 6.7 (7.4)  ,  Loss/total: 8.20814  ,  IoU: 0.06134
[train: 8, 100 / 100] FPS: 7.1 (7.9)  ,  Loss/total: 8.21394  ,  IoU: 0.04834
[train: 9, 50 / 100] FPS: 9.6 (7.4)  ,  Loss/total: 8.16495  ,  IoU: 0.04882
[train: 9, 100 / 100] FPS: 8.4 (7.3)  ,  Loss/total: 8.17751  ,  IoU: 0.03951
[train: 10, 50 / 100] FPS: 6.9 (7.7)  ,  Loss/total: 8.16740  ,  IoU: 0.01978
[train: 10, 100 / 100] FPS: 7.3 (7.6)  ,  Loss/total: 8.14250  ,  IoU: 0.02560
